---
source: src/middle_end/lowerer.rs
expression: output
input_file: src/middle_end/inputs/complex.crw
---
function abs(I32) -> I32 {
Block0(v0: I32):
    v1 = IntegerLiteral 0
    v2 = Binary Lt v0, v1
    ConditionalBranch v2, Block1, Block2

Block1:
    v3 = Unary Neg v0
    Return v3

Block2:
    Return v0
}

function clamp(I32, I32, I32) -> I32 {
Block0(v0: I32, v1: I32, v2: I32):
    v3 = Binary Lt v0, v1
    ConditionalBranch v3, Block1, Block2

Block1:
    Jump Block3(v1)

Block2:
    v4 = Binary Gt v0, v2
    ConditionalBranch v4, Block4, Block5(v0)

Block4:
    Jump Block5(v2)

Block5(v6: I32):
    Jump Block3(v6)

Block3(v5: I32):
    Return v5
}

function fib(I32) -> I32 {
Block0(v0: I32):
    v1 = IntegerLiteral 2
    v2 = Binary Lt v0, v1
    ConditionalBranch v2, Block1, Block2

Block1:
    Return v0

Block2:
    v3 = IntegerLiteral 1
    v4 = Binary Sub v0, v3
    v5 = Call fib(v4)
    v6 = IntegerLiteral 2
    v7 = Binary Sub v0, v6
    v8 = Call fib(v7)
    v9 = Binary Add v5, v8
    Return v9
}

function classify(I32, I32, I32) -> I32 {
Block0(v0: I32, v1: I32, v2: I32):
    v10 -> v0
    v21 -> v0
    v22 -> v0
    v23 -> v0
    v11 -> v1
    v14 -> v2
    v3 = IntegerLiteral 0
    v7 -> v3
    v16 -> v3
    v4 = Binary Lt v0, v1
    ConditionalBranch v4, Block1, Block2(v4)

Block1:
    v6 = Binary Lt v1, v2
    Jump Block2(v6)

Block2(v5: Bool):
    ConditionalBranch v5, Block3, Block4

Block3:
    v8 = IntegerLiteral 3
    v9 = Binary Add v3, v8
    Jump Block5(v9)

Block4:
    v12 = Binary Eq v0, v1
    ConditionalBranch v12, Block7(v12), Block6

Block6:
    v15 = Binary Eq v1, v2
    Jump Block7(v15)

Block7(v13: Bool):
    ConditionalBranch v13, Block8, Block9

Block8:
    v17 = IntegerLiteral 1
    v18 = Binary Add v3, v17
    Jump Block10(v18)

Block9:
    v19 = IntegerLiteral 1
    v20 = Binary Sub v3, v19
    Jump Block10(v20)

Block10(v33: I32):
    Jump Block5(v33)

Block5(v32: I32):
    v31 -> v32
    v24 = IntegerLiteral 10
    v25 = Binary Gt v0, v24
    ConditionalBranch v25, Block11, Block12

Block11:
    v27 = Call abs(v0)
    Jump Block13(v27)

Block12:
    v28 = IntegerLiteral 0
    v29 = IntegerLiteral 10
    v30 = Call clamp(v0, v28, v29)
    Jump Block13(v30)

Block13(v26: I32):
    v34 = Binary Add v32, v26
    v40 -> v34
    v35 = BooleanLiteral true
    ConditionalBranch v35, Block14, Block15(v35)

Block14:
    v37 = IntegerLiteral 0
    v38 = Binary Lt v34, v37
    v39 = Unary Not v38
    Jump Block15(v39)

Block15(v36: Bool):
    ConditionalBranch v36, Block16, Block17(v34)

Block16:
    v41 = IntegerLiteral 2
    v42 = Binary Mul v34, v41
    Jump Block17(v42)

Block17(v43: I32):
    v44 = IntegerLiteral 0
    v45 = Binary Lt v43, v44
    ConditionalBranch v45, Block18, Block19

Block18:
    v46 = IntegerLiteral 0
    Return v46

Block19:
    Return v43
}

function deep(I32) -> I32 {
Block0(v0: I32):
    v1 = IntegerLiteral 1
    v2 = Binary Lt v0, v1
    ConditionalBranch v2, Block1, Block2

Block1:
    v3 = IntegerLiteral 1
    Jump Block3(v3)

Block2:
    v4 = IntegerLiteral 2
    v5 = Binary Lt v0, v4
    ConditionalBranch v5, Block4, Block5

Block4:
    v6 = IntegerLiteral 2
    Jump Block6(v6)

Block5:
    v7 = IntegerLiteral 3
    v8 = Binary Lt v0, v7
    ConditionalBranch v8, Block7, Block8

Block7:
    v9 = IntegerLiteral 3
    Jump Block9(v9)

Block8:
    v10 = IntegerLiteral 4
    v11 = Binary Lt v0, v10
    ConditionalBranch v11, Block10, Block11

Block10:
    v12 = IntegerLiteral 4
    Jump Block12(v12)

Block11:
    v13 = Call fib(v0)
    Jump Block12(v13)

Block12(v18: I32):
    Jump Block9(v18)

Block9(v17: I32):
    Jump Block6(v17)

Block6(v16: I32):
    Jump Block3(v16)

Block3(v15: I32):
    v28 -> v15
    v29 -> v15
    v41 -> v15
    v42 -> v15
    v14 = IntegerLiteral 0
    v26 -> v14
    v27 -> v14
    v19 = IntegerLiteral 0
    v20 = Binary Gt v15, v19
    ConditionalBranch v20, Block13, Block14(v20)

Block13:
    v22 = IntegerLiteral 10
    v23 = Binary Lt v15, v22
    ConditionalBranch v23, Block16(v23), Block15

Block15:
    v25 = BooleanLiteral true
    Jump Block16(v25)

Block16(v24: Bool):
    Jump Block14(v24)

Block14(v21: Bool):
    ConditionalBranch v21, Block17, Block18(v14)

Block17:
    v30 = Call abs(v15)
    v31 = Binary Add v14, v30
    v32 = IntegerLiteral 10
    v33 = Binary Eq v15, v32
    v34 = Unary Not v33
    ConditionalBranch v34, Block19, Block20(v31)

Block19:
    v35 = IntegerLiteral 1
    v36 = IntegerLiteral 5
    v37 = Call clamp(v15, v35, v36)
    v38 = Binary Add v31, v37
    Jump Block20(v38)

Block20(v40: I32):
    Jump Block18(v40)

Block18(v39: I32):
    v43 = Binary Add v39, v15
    Return v43
}
